
> zalci-audio@0.1.0 build
> next build

笆ｲ Next.js 16.1.6 (Turbopack)
- Environments: .env.local

node.exe : 笞 The "mid
dleware" file conventi
on is deprecated. Plea
se use "proxy" instead
. Learn more: https://
nextjs.org/docs/messag
es/middleware-to-proxy
発生場所 行:1 文字:1
+ & "C:\Program Files\
nodejs/node.exe" "C:\P
rogram Files\nodejs/no
de_mo ...
+ ~~~~~~~~~~~~~~~~~~~~
~~~~~~~~~~~~~~~~~~~~~~
~~~~~~~~~~~~~~~~~~~~~~
~~~~~
    + CategoryInfo    
          : NotSpecifi
ed: (笞     The "middl
ew...lewa    re-to-pro
xy:String) [    ], Rem
oteException
    + FullyQualifiedEr
ror    Id : NativeComm
andErr    or
 
  Creating an optimized production build ...

> Build error occurred
Error: Turbopack build
 failed with 1 errors:
./src/app/mypage/page.
tsx:10:1
Module not found: Can'
t resolve '@/component
s/ui/tabs'
[0m [90m  8 |[39m 
[36mimport[39m { [33
mArsenalList[39m } [
36mfrom[39m [32m'@/c
omponents/features/Ars
enalList'[39m
 [90m  9 |[39m [36m
import[39m { [33mFav
oritesList[39m } [36
mfrom[39m [32m'@/com
ponents/features/Favor
itesList'[39m
[31m[1m>[22m[39m[
90m 10 |[39m [36mimp
ort[39m { [33mTabs[
39m[33m,[39m [33mTa
bsContent[39m[33m,[
39m [33mTabsList[39m
[33m,[39m [33mTabsT
rigger[39m } [36mfro
m[39m [32m"@/compone
nts/ui/tabs"[39m
 [90m    |[39m [31m
[1m^[22m[39m[31m[
1m^[22m[39m[31m[1m
^[22m[39m[31m[1m^
[22m[39m[31m[1m^[2
2m[39m[31m[1m^[22m
[39m[31m[1m^[22m[
39m[31m[1m^[22m[39
m[31m[1m^[22m[39m
[31m[1m^[22m[39m[3
1m[1m^[22m[39m[31m
[1m^[22m[39m[31m[
1m^[22m[39m[31m[1m
^[22m[39m[31m[1m^
[22m[39m[31m[1m^[2
2m[39m[31m[1m^[22m
[39m[31m[1m^[22m[
39m[31m[1m^[22m[39
m[31m[1m^[22m[39m
[31m[1m^[22m[39m[3
1m[1m^[22m[39m[31m
[1m^[22m[39m[31m[
1m^[22m[39m[31m[1m
^[22m[39m[31m[1m^
[22m[39m[31m[1m^[2
2m[39m[31m[1m^[22m
[39m[31m[1m^[22m[
39m[31m[1m^[22m[39
m[31m[1m^[22m[39m
[31m[1m^[22m[39m[3
1m[1m^[22m[39m[31m
[1m^[22m[39m[31m[
1m^[22m[39m[31m[1m
^[22m[39m[31m[1m^
[22m[39m[31m[1m^[2
2m[39m[31m[1m^[22m
[39m[31m[1m^[22m[
39m[31m[1m^[22m[39
m[31m[1m^[22m[39m
[31m[1m^[22m[39m[3
1m[1m^[22m[39m[31m
[1m^[22m[39m[31m[
1m^[22m[39m[31m[1m
^[22m[39m[31m[1m^
[22m[39m[31m[1m^[2
2m[39m[31m[1m^[22m
[39m[31m[1m^[22m[
39m[31m[1m^[22m[39
m[31m[1m^[22m[39m
[31m[1m^[22m[39m[3
1m[1m^[22m[39m[31m
[1m^[22m[39m[31m[
1m^[22m[39m[31m[1m
^[22m[39m[31m[1m^
[22m[39m[31m[1m^[2
2m[39m[31m[1m^[22m
[39m[31m[1m^[22m[
39m[31m[1m^[22m[39
m[31m[1m^[22m[39m
[31m[1m^[22m[39m[3
1m[1m^[22m[39m[31m
[1m^[22m[39m[31m[
1m^[22m[39m[31m[1m
^[22m[39m[31m[1m^
[22m[39m[31m[1m^[2
2m[39m[31m[1m^[22m
[39m[31m[1m^[22m[
39m[31m[1m^[22m[39
m[31m[1m^[22m[39m
[31m[1m^[22m[39m[3
1m[1m^[22m[39m[31m
[1m^[22m[39m[31m[
1m^[22m[39m
 [90m 11 |[39m [36m
import[39m { [33mShi
eld[39m[33m,[39m [
33mHeart[39m[33m,[3
9m [33mSettings[39m
[33m,[39m [33mLibrar
y[39m } [36mfrom[39
m [32m'lucide-react'
[39m
 [90m 12 |[39m
 [90m 13 |[39m [36m
export[39m [36mconst
[39m dynamic [33m=[
39m [32m'force-dynami
c'[39m[0m

Import map: aliased to
 relative './src/compo
nents/ui/tabs' inside 
of [project]/


https://nextjs.org/doc
s/messages/module-not-
found


    at <unknown> (./sr
c/app/mypage/page.tsx:
10:1)
    at <unknown> (http
s://nextjs.org/docs/me
ssages/module-not-foun
d)
